[getsmileslim.com/de/index4457.html]
[backblue.gif]
[fade.gif]
[index.html]
[getsmileslim.com/wp-content/plugins/woocommerce/assets/css/woocommerce-layoutb62f.css]
[getsmileslim.com/wp-content/plugins/woocommerce/assets/css/woocommerce-smallscreenb62f.css]
[getsmileslim.com/wp-content/plugins/woocommerce/assets/css/woocommerceb62f.css]
[getsmileslim.com/de/index.html]
[getsmileslim.com/wp-content/plugins/woocommerce/assets/css/brandsb62f.css]
[getsmileslim.com/wp-content/themes/hello-elementor/style.min9b70.css]
[getsmileslim.com/wp-content/themes/hello-elementor/theme.min9b70.css]
[getsmileslim.com/wp-content/themes/hello-elementor/header-footer.min9b70.css]
[getsmileslim.com/wp-content/plugins/elementor/assets/css/frontend.min87cc.css]
[getsmileslim.com/wp-content/uploads/elementor/css/post-129af2.css]
[getsmileslim.com/wp-content/plugins/elementor/assets/css/widget-image.min87cc.css]
[getsmileslim.com/wp-content/plugins/elementor/assets/css/widget-heading.min87cc.css]
[getsmileslim.com/wp-content/plugins/elementor/assets/css/widget-progress.min87cc.css]
[getsmileslim.com/wp-content/plugins/elementor-pro/assets/css/widget-form.min414b.css]
[getsmileslim.com/wp-content/plugins/elementor/assets/css/widget-icon-list.min87cc.css]
[getsmileslim.com/wp-content/plugins/elementor/assets/css/widget-rating.min87cc.css]
[getsmileslim.com/wp-content/plugins/elementor/assets/css/widget-divider.min87cc.css]
[getsmileslim.com/wp-content/uploads/elementor/css/post-229834f.css]
[getsmileslim.com/wp-content/uploads/elementor/google-fonts/css/roboto9191.css]
[getsmileslim.com/wp-content/uploads/elementor/google-fonts/css/robotoslab8e1a.css]
[getsmileslim.com/wp-content/uploads/elementor/google-fonts/css/inter6223.css]
[getsmileslim.com/wp-content/plugins/funnel-builder/woofunnels/assets/js/utm-tracker.min7a50.js]
[getsmileslim.com/wp-includes/js/jquery/jquery.minf43b.js]
[getsmileslim.com/wp-includes/js/jquery/jquery-migrate.min5589.js]
[getsmileslim.com/wp-content/plugins/woocommerce/assets/js/jquery-blockui/jquery.blockUI.mina6eb.js]
[getsmileslim.com/wp-content/plugins/woocommerce/assets/js/frontend/add-to-cart.minb62f.js]
[getsmileslim.com/wp-content/plugins/woocommerce/assets/js/js-cookie/js.cookie.min3e73.js]
[getsmileslim.com/wp-content/plugins/woocommerce/assets/js/frontend/woocommerce.minb62f.js]
[www.bm30trk.com/scripts/sdk/everflow.js]
[getsmileslim.com/wp-content/uploads/2025/04/cropped-slimorol-favicon-32x32.png]
[getsmileslim.com/wp-content/uploads/2025/04/cropped-slimorol-favicon-192x192.png]
[getsmileslim.com/wp-content/uploads/2025/04/cropped-slimorol-favicon-180x180.png]
[www.googletagmanager.com/ns8f91.html]
[www.w3.org/2000/svg.html]
[getsmileslim.com/wp-content/uploads/2025/04/mailavatar.png]
[getsmileslim.com/wp-content/uploads/2025/04/femailavatar-1.png]
[getsmileslim.com/wp-content/uploads/2025/04/smileslim_4_watermark.jpg]
[getsmileslim.com/wp-content/uploads/2025/04/bodytype-male-1.c11b104a.png]
[getsmileslim.com/wp-content/uploads/2025/04/bodytype-male-2.ad57de54.png]
[getsmileslim.com/wp-content/uploads/2025/04/bodytype-male-3.b8175e75.png]
[getsmileslim.com/wp-content/uploads/2025/04/bodytype-female-1.26126399.png]
[getsmileslim.com/wp-content/uploads/2025/04/bodytype-female-2.4d5c73cb.png]
[getsmileslim.com/wp-content/uploads/2025/04/bodytype-female-3.7a937658.png]
[getsmileslim.com/wp-content/uploads/2025/04/Slimorol_logo.png]
[getslimorol.com/wp-content/uploads/2025/02/svgviewer-png-output.png]
[getsmileslim.com/wp-content/uploads/2025/04/female-after.7b4603ec.jpg]
[getsmileslim.com/wp-content/uploads/2025/04/svgviewer-png-output.png]
[getsmileslim.com/wp-content/uploads/2025/04/male-after.982d7d3e.jpg]
[getsmileslim.com/wp-content/uploads/2025/04/uni2.8e266726.png]
[getsmileslim.com/wp-content/uploads/2025/04/Dads.png]
[s.w.org/images/core/emoji/15.0.3/svg/1f642.svg]
[getsmileslim.com/wp-content/plugins/woocommerce/assets/client/blocks/wc-blocksa1d0.css]
[getsmileslim.com/wp-content/plugins/duracelltomi-google-tag-manager/dist/js/gtm4wp-ecommerce-genericf0fa.js]
[getsmileslim.com/wp-content/plugins/duracelltomi-google-tag-manager/dist/js/gtm4wp-woocommercef0fa.js]
[getsmileslim.com/wp-content/themes/hello-elementor/assets/js/hello-frontend.min9b70.js]
[getsmileslim.com/wp-content/plugins/woocommerce/assets/js/sourcebuster/sourcebuster.minb62f.js]
[getsmileslim.com/wp-content/plugins/woocommerce/assets/js/frontend/order-attribution.minb62f.js]
[getsmileslim.com/wp-content/plugins/elementor-pro/assets/js/webpack-pro.runtime.min414b.js]
[getsmileslim.com/wp-content/plugins/elementor/assets/js/webpack.runtime.min87cc.js]
[getsmileslim.com/wp-content/plugins/elementor/assets/js/frontend-modules.min87cc.js]
[getsmileslim.com/wp-includes/js/dist/hooks.min4fdd.js]
[getsmileslim.com/wp-includes/js/dist/i18n.minc33c.js]
[getsmileslim.com/wp-content/plugins/elementor-pro/assets/js/frontend.min414b.js]
[getsmileslim.com/wp-includes/js/jquery/ui/core.minb37e.js]
[getsmileslim.com/wp-content/plugins/elementor/assets/js/frontend.min87cc.js]
[getsmileslim.com/de/index4457.html]
[getsmileslim.com/de/index.html]
[getsmileslim.com/wp-content/plugins/woocommerce/assets/css/woocommerce-layoutb62f.css]
[getsmileslim.com/wp-content/plugins/woocommerce/assets/css/woocommerce-smallscreenb62f.css]
[getsmileslim.com/wp-content/plugins/woocommerce/assets/css/woocommerceb62f.css]
[getsmileslim.com/wp-content/plugins/woocommerce/assets/css/brandsb62f.css]
[getsmileslim.com/wp-content/themes/hello-elementor/style.min9b70.css]
[getsmileslim.com/wp-content/themes/hello-elementor/theme.min9b70.css]
[getsmileslim.com/wp-content/themes/hello-elementor/header-footer.min9b70.css]
[getsmileslim.com/wp-content/plugins/elementor/assets/css/frontend.min87cc.css]
[getsmileslim.com/wp-content/uploads/elementor/css/post-129af2.css]
[getsmileslim.com/wp-content/plugins/elementor/assets/css/widget-image.min87cc.css]
[getsmileslim.com/wp-content/plugins/elementor/assets/css/widget-heading.min87cc.css]
[getsmileslim.com/wp-content/plugins/elementor/assets/css/widget-progress.min87cc.css]
[getsmileslim.com/wp-content/plugins/elementor-pro/assets/css/widget-form.min414b.css]
[getsmileslim.com/wp-content/plugins/elementor/assets/css/widget-icon-list.min87cc.css]
[getsmileslim.com/wp-content/plugins/elementor/assets/css/widget-rating.min87cc.css]
[getsmileslim.com/wp-content/plugins/elementor/assets/css/widget-divider.min87cc.css]
[getsmileslim.com/wp-content/uploads/elementor/css/post-229834f.css]
[getsmileslim.com/wp-content/uploads/elementor/google-fonts/css/roboto9191.css]
[getsmileslim.com/wp-content/uploads/elementor/google-fonts/css/robotoslab8e1a.css]
[getsmileslim.com/wp-content/uploads/elementor/google-fonts/css/inter6223.css]
[www.googletagmanager.com/gtm5445.html]
[getsmileslim.com/wp-content/plugins/elementor-pro/assets/js/elements-handlers.min414b.js]
[www.googletagmanager.com/ns8f91.html]
[www.w3.org/2000/svg.html]
[s.w.org/images/core/emoji/15.0.3/svg/1f642.svg]
[getsmileslim.com/wp-content/plugins/woocommerce/assets/client/blocks/wc-blocksa1d0.css]
[getsmileslim.com/wp-content/uploads/2025/04/smileslim-chart.jpg]
